******************************************************************************
                  TI ARM Linker PC v15.12.3                    
******************************************************************************
>> Linked Tue Nov 29 11:59:29 2016

OUTPUT FILE NAME:   <LabProject.out>
ENTRY POINT SYMBOL: "_c_int00"  address: 000031a9


MEMORY CONFIGURATION

         name            origin    length      used     unused   attr    fill
----------------------  --------  ---------  --------  --------  ----  --------
  FLASH                 00000000   00040000  00003988  0003c678  R  X
  SRAM                  20000000   00008000  00000b2a  000074d6  RW X


SEGMENT ALLOCATION MAP

run origin  load origin   length   init length attrs members
----------  ----------- ---------- ----------- ----- -------
00000000    00000000    0000398c   0000398c    r-x
  00000000    00000000    0000026c   0000026c    r-- .intvecs
  0000026c    0000026c    000034b8   000034b8    r-x .text
  00003724    00003724    00000200   00000200    r-- .const
  00003928    00003928    00000064   00000064    r-- .cinit
20000000    20000000    00000b2a   00000000    rw-
  20000000    20000000    0000026c   00000000    rw- .vtable
  2000026c    2000026c    00000800   00000000    rw- .stack
  20000a6c    20000a6c    00000088   00000000    rw- .bss
  20000af4    20000af4    00000036   00000000    rw- .data


SECTION ALLOCATION MAP

 output                                  attributes/
section   page    origin      length       input sections
--------  ----  ----------  ----------   ----------------
.intvecs   0    00000000    0000026c     
                  00000000    0000026c     tm4c123gh6pm_startup_ccs.obj (.intvecs)

.text      0    0000026c    000034b8     
                  0000026c    00001110     rtsv7M4_T_le_v4SPD16_eabi.lib : _printfi.obj (.text)
                  0000137c    000006e4     main.obj (.text)
                  00001a60    000003c4     Util.lib : launchpad.obj (.text)
                  00001e24    000001fc     seg7.obj (.text)
                  00002020    000001f4     rtsv7M4_T_le_v4SPD16_eabi.lib : ull_div_t2.obj (.text)
                  00002214    000001b6                                   : fd_add_t2.obj (.text)
                  000023ca    00000136                                   : fd_div_t2.obj (.text)
                  00002500    00000132     driverlib.lib : gpio.obj (.text:GPIOPadConfigSet)
                  00002632    00000002     rtsv7M4_T_le_v4SPD16_eabi.lib : mpu_init.obj (.text)
                  00002634    00000110     driverlib.lib : sysctl.obj (.text:SysCtlClockGet)
                  00002744    000000fc     rtsv7M4_T_le_v4SPD16_eabi.lib : fd_mul_t2.obj (.text)
                  00002840    000000fc                                   : s_scalbn.obj (.text)
                  0000293c    000000f4     driverlib.lib : sysctl.obj (.text:SysCtlClockSet)
                  00002a30    000000c4     Util.lib : uart.obj (.text)
                  00002af4    0000009c              : led.obj (.text)
                  00002b90    0000009c     rtsv7M4_T_le_v4SPD16_eabi.lib : memcpy_t2.obj (.text)
                  00002c2c    0000008c     Util.lib : pushbutton.obj (.text)
                  00002cb8    00000088     rtsv7M4_T_le_v4SPD16_eabi.lib : vsnprintf.obj (.text)
                  00002d40    00000086                                   : fd_cmp_t2.obj (.text:__aeabi_cdcmple)
                  00002dc6    00000086                                   : fd_cmp_t2.obj (.text:__aeabi_cdrcmple)
                  00002e4c    0000007a     driverlib.lib : adc.obj (.text:ADCSequenceStepConfigure)
                  00002ec6    0000007a     rtsv7M4_T_le_v4SPD16_eabi.lib : memset_t2.obj (.text)
                  00002f40    00000078     rotary.obj (.text)
                  00002fb8    00000070     rtsv7M4_T_le_v4SPD16_eabi.lib : autoinit.obj (.text)
                  00003028    0000006a                                   : copy_decompress_rle.obj (.text)
                  00003092    00000002                                   : startup.obj (.text)
                  00003094    00000064                                   : s_frexp.obj (.text)
                  000030f8    00000058     driverlib.lib : adc.obj (.text:ADCSequenceConfigure)
                  00003150    00000056     rtsv7M4_T_le_v4SPD16_eabi.lib : ltoa.obj (.text)
                  000031a6    00000002     --HOLE-- [fill = 0]
                  000031a8    00000054                                   : boot.obj (.text)
                  000031fc    00000054                                   : exit.obj (.text)
                  00003250    0000004c                                   : atoi.obj (.text)
                  0000329c    0000004c                                   : cpy_tbl.obj (.text)
                  000032e8    00000048     driverlib.lib : gpio.obj (.text:GPIOPinConfigure)
                  00003330    00000048     buzzer.obj (.text)
                  00003378    00000048     rtsv7M4_T_le_v4SPD16_eabi.lib : fd_toi_t2.obj (.text)
                  000033c0    00000046     driverlib.lib : uart.obj (.text:UARTConfigSetExpClk)
                  00003406    00000002     --HOLE-- [fill = 0]
                  00003408    0000003c     sig7digit.obj (.text)
                  00003444    00000034     driverlib.lib : interrupt.obj (.text:IntRegister)
                  00003478    00000034                   : sysctl.obj (.text:SysCtlPeripheralEnable)
                  000034ac    0000002e                   : adc.obj (.text:ADCIntStatus)
                  000034da    0000002e     rtsv7M4_T_le_v4SPD16_eabi.lib : i_tofd_t2.obj (.text)
                  00003508    0000002a     driverlib.lib : gpio.obj (.text:GPIODirModeSet)
                  00003532    00000002     --HOLE-- [fill = 0]
                  00003534    00000020                   : uart.obj (.text:UARTDisable)
                  00003554    0000001e                   : adc.obj (.text:ADCSequenceDataGet)
                  00003572    00000002     --HOLE-- [fill = 0]
                  00003574    0000001c                   : systick.obj (.text:SysTickIntRegister)
                  00003590    0000001c     rtsv7M4_T_le_v4SPD16_eabi.lib : memccpy.obj (.text)
                  000035ac    00000018     driverlib.lib : adc.obj (.text:ADCProcessorTrigger)
                  000035c4    00000018                   : gpio.obj (.text:GPIOPinTypeGPIOOutput)
                  000035dc    00000018     rtsv7M4_T_le_v4SPD16_eabi.lib : args_main.obj (.text)
                  000035f4    00000016                                   : strchr.obj (.text)
                  0000360a    00000002     --HOLE-- [fill = 0]
                  0000360c    00000014     driverlib.lib : systick.obj (.text:SysTickEnable)
                  00003620    00000014                   : systick.obj (.text:SysTickIntEnable)
                  00003634    00000014                   : uart.obj (.text:UARTEnable)
                  00003648    00000014     rtsv7M4_T_le_v4SPD16_eabi.lib : _lock.obj (.text)
                  0000365c    00000014                                   : s_copysign.obj (.text)
                  00003670    00000014                                   : strlen.obj (.text)
                  00003684    00000012     driverlib.lib : gpio.obj (.text:GPIOPinTypeADC)
                  00003696    00000012                   : gpio.obj (.text:GPIOPinTypeGPIOInput)
                  000036a8    00000012                   : gpio.obj (.text:GPIOPinTypeUART)
                  000036ba    00000002     --HOLE-- [fill = 0]
                  000036bc    00000010                   : systick.obj (.text:SysTickPeriodSet)
                  000036cc    0000000e                   : adc.obj (.text:ADCSequenceEnable)
                  000036da    0000000e     rtsv7M4_T_le_v4SPD16_eabi.lib : copy_decompress_none.obj (.text:decompress:none)
                  000036e8    0000000c     tm4c123gh6pm_startup_ccs.obj (.text)
                  000036f4    0000000a     driverlib.lib : uart.obj (.text:UARTCharGet)
                  000036fe    0000000a                   : uart.obj (.text:UARTCharPut)
                  00003708    00000006                   : gpio.obj (.text:GPIOPinRead)
                  0000370e    00000006                   : gpio.obj (.text:GPIOPinWrite)
                  00003714    00000006                   : sysctl.obj (.text:SysCtlDelay)
                  0000371a    00000006     rtsv7M4_T_le_v4SPD16_eabi.lib : copy_decompress_rle.obj (.text:decompress:rle24)
                  00003720    00000004                                   : pre_init.obj (.text)

.const     0    00003724    00000200     
                  00003724    00000101     rtsv7M4_T_le_v4SPD16_eabi.lib : ctype.obj (.const:.string:_ctypes_)
                  00003825    00000003     --HOLE-- [fill = 0]
                  00003828    00000090     driverlib.lib : gpio.obj (.const:g_pui32GPIOBaseAddrs)
                  000038b8    0000006c                   : sysctl.obj (.const:g_pui32Xtals)

.cinit     0    00003928    00000064     
                  00003928    00000022     (.cinit..data.load) [load image, compression = rle]
                  0000394a    00000006     --HOLE-- [fill = 0]
                  00003950    0000000b     (.cinit..vtable.load) [load image, compression = rle]
                  0000395b    00000005     --HOLE-- [fill = 0]
                  00003960    00000009     (.cinit..bss.load) [load image, compression = rle]
                  00003969    00000003     --HOLE-- [fill = 0]
                  0000396c    00000008     (__TI_handler_table)
                  00003974    00000018     (__TI_cinit_table)

.init_array 
*          0    00000000    00000000     UNINITIALIZED

.vtable    0    20000000    0000026c     UNINITIALIZED
                  20000000    0000026c     driverlib.lib : interrupt.obj (.vtable)

.stack     0    2000026c    00000800     UNINITIALIZED
                  2000026c    00000800     --HOLE--

.bss       0    20000a6c    00000088     UNINITIALIZED
                  20000a6c    00000080     Util.lib : launchpad.obj (.bss:callbackHeap)
                  20000aec    00000004              : launchpad.obj (.bss)
                  20000af0    00000004     sig7digit.obj (.bss)

.data      0    20000af4    00000036     UNINITIALIZED
                  20000af4    0000000c     rtsv7M4_T_le_v4SPD16_eabi.lib : exit.obj (.data:$O1$$)
                  20000b00    0000000b     sig7digit.obj (.data)
                  20000b0b    00000001     Util.lib : led.obj (.data)
                  20000b0c    00000008     rtsv7M4_T_le_v4SPD16_eabi.lib : _lock.obj (.data:$O1$$)
                  20000b14    00000008     Util.lib : launchpad.obj (.data)
                  20000b1c    00000004     main.obj (.data:display)
                  20000b20    00000004     rtsv7M4_T_le_v4SPD16_eabi.lib : errno.obj (.data)
                  20000b24    00000004                                   : stkdepth_vars.obj (.data)
                  20000b28    00000001     Util.lib : pushbutton.obj (.data)
                  20000b29    00000001     main.obj (.data)

MODULE SUMMARY

       Module                         code    ro data   rw data
       ------                         ----    -------   -------
    .\
       main.obj                       1764    0         5      
       tm4c123gh6pm_startup_ccs.obj   12      620       0      
       seg7.obj                       508     0         0      
       rotary.obj                     120     0         0      
       sig7digit.obj                  60      0         15     
       buzzer.obj                     72      0         0      
    +--+------------------------------+-------+---------+---------+
       Total:                         2536    620       20     
                                                               
    C:/Users/Ben/Desktop/Util/Debug/Util.lib
       launchpad.obj                  964     0         140    
       uart.obj                       196     0         0      
       led.obj                        156     0         1      
       pushbutton.obj                 140     0         1      
    +--+------------------------------+-------+---------+---------+
       Total:                         1456    0         142    
                                                               
    C:/ti/TivaWare_C_Series-2.1.3.156/driverlib/ccs/Debug/driverlib.lib
       sysctl.obj                     574     108       0      
       interrupt.obj                  52      0         620    
       gpio.obj                       510     144       0      
       adc.obj                        324     0         0      
       uart.obj                       142     0         0      
       systick.obj                    84      0         0      
    +--+------------------------------+-------+---------+---------+
       Total:                         1686    252       620    
                                                               
    C:\ti\ccsv6\tools\compiler\arm_15.12.3.LTS\lib\rtsv7M4_T_le_v4SPD16_eabi.lib
       _printfi.obj                   4368    0         0      
       ull_div_t2.obj                 500     0         0      
       fd_add_t2.obj                  438     0         0      
       fd_div_t2.obj                  310     0         0      
       fd_cmp_t2.obj                  268     0         0      
       ctype.obj                      0       257       0      
       fd_mul_t2.obj                  252     0         0      
       s_scalbn.obj                   252     0         0      
       memcpy_t2.obj                  156     0         0      
       vsnprintf.obj                  136     0         0      
       memset_t2.obj                  122     0         0      
       autoinit.obj                   112     0         0      
       copy_decompress_rle.obj        112     0         0      
       s_frexp.obj                    100     0         0      
       exit.obj                       84      0         12     
       ltoa.obj                       86      0         0      
       boot.obj                       84      0         0      
       atoi.obj                       76      0         0      
       cpy_tbl.obj                    76      0         0      
       fd_toi_t2.obj                  72      0         0      
       i_tofd_t2.obj                  46      0         0      
       _lock.obj                      20      0         8      
       memccpy.obj                    28      0         0      
       args_main.obj                  24      0         0      
       strchr.obj                     22      0         0      
       s_copysign.obj                 20      0         0      
       strlen.obj                     20      0         0      
       copy_decompress_none.obj       14      0         0      
       errno.obj                      0       0         4      
       pre_init.obj                   4       0         0      
       stkdepth_vars.obj              0       0         4      
       mpu_init.obj                   2       0         0      
       startup.obj                    2       0         0      
    +--+------------------------------+-------+---------+---------+
       Total:                         7806    257       28     
                                                               
       Stack:                         0       0         2048   
       Linker Generated:              0       86        0      
    +--+------------------------------+-------+---------+---------+
       Grand Total:                   13484   1215      2858   


LINKER GENERATED COPY TABLES

__TI_cinit_table @ 00003974 records: 3, size/record: 8, table size: 24
	.data: load addr=00003928, load size=00000022 bytes, run addr=20000af4, run size=00000036 bytes, compression=rle
	.vtable: load addr=00003950, load size=0000000b bytes, run addr=20000000, run size=0000026c bytes, compression=rle
	.bss: load addr=00003960, load size=00000009 bytes, run addr=20000a6c, run size=00000088 bytes, compression=rle


LINKER GENERATED HANDLER TABLE

__TI_handler_table @ 0000396c records: 2, size/record: 4, table size: 8
	index: 0, handler: __TI_decompress_rle24
	index: 1, handler: __TI_decompress_none


GLOBAL SYMBOLS: SORTED ALPHABETICALLY BY Name 

address   name                           
-------   ----                           
000034ad  ADCIntStatus                   
000035ad  ADCProcessorTrigger            
000030f9  ADCSequenceConfigure           
00003555  ADCSequenceDataGet             
000036cd  ADCSequenceEnable              
00002e4d  ADCSequenceStepConfigure       
00002f53  ADCinit                        
000031fd  C$$EXIT                        
00003509  GPIODirModeSet                 
00002501  GPIOPadConfigSet               
000032e9  GPIOPinConfigure               
00003709  GPIOPinRead                    
00003685  GPIOPinTypeADC                 
00003697  GPIOPinTypeGPIOInput           
000035c5  GPIOPinTypeGPIOOutput          
000036a9  GPIOPinTypeUART                
0000370f  GPIOPinWrite                   
00003445  IntRegister                    
000036e9  ResetISR                       
UNDEFED   SHT$$INIT_ARRAY$$Base          
UNDEFED   SHT$$INIT_ARRAY$$Limit         
00002635  SysCtlClockGet                 
0000293d  SysCtlClockSet                 
00003715  SysCtlDelay                    
00003479  SysCtlPeripheralEnable         
0000360d  SysTickEnable                  
00003621  SysTickIntEnable               
00003575  SysTickIntRegister             
000036bd  SysTickPeriodSet               
000036f5  UARTCharGet                    
000036ff  UARTCharPut                    
000033c1  UARTConfigSetExpClk            
00003535  UARTDisable                    
00003635  UARTEnable                     
20000a6c  __STACK_END                    
00000800  __STACK_SIZE                   
2000046c  __STACK_TOP                    
00003974  __TI_CINIT_Base                
0000398c  __TI_CINIT_Limit               
0000396c  __TI_Handler_Table_Base        
00003974  __TI_Handler_Table_Limit       
00002fb9  __TI_auto_init                 
20000af4  __TI_cleanup_ptr               
000036db  __TI_decompress_none           
0000371b  __TI_decompress_rle24          
20000af8  __TI_dtors_ptr                 
20000afc  __TI_enable_exit_profile_output
ffffffff  __TI_pprof_out_hndl            
00001077  __TI_printfi                   
ffffffff  __TI_prof_data_size            
ffffffff  __TI_prof_data_start           
00000000  __TI_static_base__             
00002d41  __aeabi_cdcmpeq                
00002d41  __aeabi_cdcmple                
00002dc7  __aeabi_cdrcmple               
00003379  __aeabi_d2iz                   
0000221f  __aeabi_dadd                   
000023cb  __aeabi_ddiv                   
00002745  __aeabi_dmul                   
00002215  __aeabi_dsub                   
000034db  __aeabi_i2d                    
00002ec7  __aeabi_memclr                 
00002ec7  __aeabi_memclr4                
00002ec7  __aeabi_memclr8                
00002b91  __aeabi_memcpy                 
00002b91  __aeabi_memcpy4                
00002b91  __aeabi_memcpy8                
00002ec9  __aeabi_memset                 
00002ec9  __aeabi_memset4                
00002ec9  __aeabi_memset8                
00002021  __aeabi_uldivmod               
ffffffff  __binit__                      
ffffffff  __c_args__                     
00002633  __mpu_init                     
2000026c  __stack                        
000035dd  _args_main                     
000031a9  _c_int00                       
00003724  _ctypes_                       
20000b0c  _lock                          
00003657  _nop                           
0000364f  _register_lock                 
00003649  _register_unlock               
00003093  _system_post_cinit             
00003721  _system_pre_init               
20000b10  _unlock                        
00003201  abort                          
00003251  atoi                           
ffffffff  binit                          
00003339  buzzInit                       
00003365  buzzOff                        
00003351  buzzOn                         
000018f5  checkPushButton                
0000329d  copy_in                        
0000365d  copysign                       
0000365d  copysignl                      
20000b20  errno                          
00003209  exit                           
00003095  frexp                          
00003095  frexpl                         
20000000  g_pfnRAMVectors                
00000000  g_pfnVectors                   
00002841  ldexp                          
00002841  ldexpl                         
00002b17  ledInit                        
00002af5  ledInitForced                  
00002b2b  ledTurnOnOff                   
00001d5f  lpInit                         
00003151  ltoa                           
00001977  main                           
20000b24  main_func_sp                   
00003591  memccpy                        
00002b91  memcpy                         
00002ecf  memset                         
00002c61  pbInit                         
00002c2d  pbInitForced                   
00002c75  pbRead                         
000013d9  playMusic                      
0000137d  playNote                       
00002f41  rotaryInit                     
00002841  scalbn                         
00002841  scalbnl                        
00001b8f  schdCallback                   
00001c09  schdExecute                    
00003411  seg7DigitUpdate                
00001e25  seg7Init                       
00001fb1  seg7Update                     
000035f5  strchr                         
00003671  strlen                         
00001af3  sysTimeGet                     
00001af9  sysTimeReached                 
00001b1f  sysTimeWait                    
00001b43  sysTimeWaitAbsolute            
000017af  timerUpdate                    
00002a7d  uartGetChar                    
00002a31  uartInit                       
00002a6b  uartPutChar                    
00002a8f  uartPutString                  
00002abb  uprintf                        
00002cb9  vsnprintf                      
00001d11  waitMs                         
00001d39  waitUs                         


GLOBAL SYMBOLS: SORTED BY Symbol Address 

address   name                           
-------   ----                           
00000000  __TI_static_base__             
00000000  g_pfnVectors                   
00000800  __STACK_SIZE                   
00001077  __TI_printfi                   
0000137d  playNote                       
000013d9  playMusic                      
000017af  timerUpdate                    
000018f5  checkPushButton                
00001977  main                           
00001af3  sysTimeGet                     
00001af9  sysTimeReached                 
00001b1f  sysTimeWait                    
00001b43  sysTimeWaitAbsolute            
00001b8f  schdCallback                   
00001c09  schdExecute                    
00001d11  waitMs                         
00001d39  waitUs                         
00001d5f  lpInit                         
00001e25  seg7Init                       
00001fb1  seg7Update                     
00002021  __aeabi_uldivmod               
00002215  __aeabi_dsub                   
0000221f  __aeabi_dadd                   
000023cb  __aeabi_ddiv                   
00002501  GPIOPadConfigSet               
00002633  __mpu_init                     
00002635  SysCtlClockGet                 
00002745  __aeabi_dmul                   
00002841  ldexp                          
00002841  ldexpl                         
00002841  scalbn                         
00002841  scalbnl                        
0000293d  SysCtlClockSet                 
00002a31  uartInit                       
00002a6b  uartPutChar                    
00002a7d  uartGetChar                    
00002a8f  uartPutString                  
00002abb  uprintf                        
00002af5  ledInitForced                  
00002b17  ledInit                        
00002b2b  ledTurnOnOff                   
00002b91  __aeabi_memcpy                 
00002b91  __aeabi_memcpy4                
00002b91  __aeabi_memcpy8                
00002b91  memcpy                         
00002c2d  pbInitForced                   
00002c61  pbInit                         
00002c75  pbRead                         
00002cb9  vsnprintf                      
00002d41  __aeabi_cdcmpeq                
00002d41  __aeabi_cdcmple                
00002dc7  __aeabi_cdrcmple               
00002e4d  ADCSequenceStepConfigure       
00002ec7  __aeabi_memclr                 
00002ec7  __aeabi_memclr4                
00002ec7  __aeabi_memclr8                
00002ec9  __aeabi_memset                 
00002ec9  __aeabi_memset4                
00002ec9  __aeabi_memset8                
00002ecf  memset                         
00002f41  rotaryInit                     
00002f53  ADCinit                        
00002fb9  __TI_auto_init                 
00003093  _system_post_cinit             
00003095  frexp                          
00003095  frexpl                         
000030f9  ADCSequenceConfigure           
00003151  ltoa                           
000031a9  _c_int00                       
000031fd  C$$EXIT                        
00003201  abort                          
00003209  exit                           
00003251  atoi                           
0000329d  copy_in                        
000032e9  GPIOPinConfigure               
00003339  buzzInit                       
00003351  buzzOn                         
00003365  buzzOff                        
00003379  __aeabi_d2iz                   
000033c1  UARTConfigSetExpClk            
00003411  seg7DigitUpdate                
00003445  IntRegister                    
00003479  SysCtlPeripheralEnable         
000034ad  ADCIntStatus                   
000034db  __aeabi_i2d                    
00003509  GPIODirModeSet                 
00003535  UARTDisable                    
00003555  ADCSequenceDataGet             
00003575  SysTickIntRegister             
00003591  memccpy                        
000035ad  ADCProcessorTrigger            
000035c5  GPIOPinTypeGPIOOutput          
000035dd  _args_main                     
000035f5  strchr                         
0000360d  SysTickEnable                  
00003621  SysTickIntEnable               
00003635  UARTEnable                     
00003649  _register_unlock               
0000364f  _register_lock                 
00003657  _nop                           
0000365d  copysign                       
0000365d  copysignl                      
00003671  strlen                         
00003685  GPIOPinTypeADC                 
00003697  GPIOPinTypeGPIOInput           
000036a9  GPIOPinTypeUART                
000036bd  SysTickPeriodSet               
000036cd  ADCSequenceEnable              
000036db  __TI_decompress_none           
000036e9  ResetISR                       
000036f5  UARTCharGet                    
000036ff  UARTCharPut                    
00003709  GPIOPinRead                    
0000370f  GPIOPinWrite                   
00003715  SysCtlDelay                    
0000371b  __TI_decompress_rle24          
00003721  _system_pre_init               
00003724  _ctypes_                       
0000396c  __TI_Handler_Table_Base        
00003974  __TI_CINIT_Base                
00003974  __TI_Handler_Table_Limit       
0000398c  __TI_CINIT_Limit               
20000000  g_pfnRAMVectors                
2000026c  __stack                        
2000046c  __STACK_TOP                    
20000a6c  __STACK_END                    
20000af4  __TI_cleanup_ptr               
20000af8  __TI_dtors_ptr                 
20000afc  __TI_enable_exit_profile_output
20000b0c  _lock                          
20000b10  _unlock                        
20000b20  errno                          
20000b24  main_func_sp                   
ffffffff  __TI_pprof_out_hndl            
ffffffff  __TI_prof_data_size            
ffffffff  __TI_prof_data_start           
ffffffff  __binit__                      
ffffffff  __c_args__                     
ffffffff  binit                          
UNDEFED   SHT$$INIT_ARRAY$$Base          
UNDEFED   SHT$$INIT_ARRAY$$Limit         

[141 symbols]
